python : Traceback (most recent call last):
At line:1 char:59
+ ... ords.yaml ; python contracts/generator.py --source outputs/week1/inte ...
+                 ~~~~~~~~~~~~~~~~~~~~~~~~~~~~~~~~~~~~~~~~~~~~~~~~~~~~~~~~~
    + CategoryInfo          : NotSpecified: (Traceback (most recent call last) 
   ::String) [], RemoteException
    + FullyQualifiedErrorId : NativeCommandError
 
  File "D:\Projects\Data-Contract-Enforcer\contracts\generator.py", line 1049, 
in <module>
    main()
    ~~~~^^
  File "D:\Projects\Data-Contract-Enforcer\contracts\generator.py", line 1042, 
in main
    generate_contract(args.source, args.output,
    ~~~~~~~~~~~~~~~~~^^^^^^^^^^^^^^^^^^^^^^^^^^
                      annotate=args.annotate, verbose=args.verbose)
                      ^^^^^^^^^^^^^^^^^^^^^^^^^^^^^^^^^^^^^^^^^^^^^
  File "D:\Projects\Data-Contract-Enforcer\contracts\generator.py", line 896, 
in generate_contract
    print(f"\n\u2192 Generating contract for: {source_path} (detected: 
{week_key})")
    ~~~~~^^^^^^^^^^^^^^^^^^^^^^^^^^^^^^^^^^^^^^^^^^^^^^^^^^^^^^^^^^^^^^^^^^^^^^
  File "C:\Users\MOON\AppData\Local\Programs\Python\Python314\Lib\encodings\cp1
252.py", line 19, in encode
    return codecs.charmap_encode(input,self.errors,encoding_table)[0]
           ~~~~~~~~~~~~~~~~~~~~~^^^^^^^^^^^^^^^^^^^^^^^^^^^^^^^^^^
UnicodeEncodeError: 'charmap' codec can't encode character '\u2192' in 
position 2: character maps to <undefined>
